// Jest Snapshot v1, https://goo.gl/fbAQLP

exports[`renders the header with navigation links 1`] = `
<div>
  <header>
    <section
      class="header--logo"
    >
      <img
        alt="planet logo"
        src="planet.png"
      />
      <h1>
        Space Travelers' Hub
      </h1>
    </section>
    <nav>
      <ul
        class="link--list"
      >
        <li>
          <a
            aria-current="page"
            class="active"
            href="/"
            style="text-decoration: underline;"
          >
            Rockets
          </a>
        </li>
        <li>
          <a
            class=""
            href="/missions"
          >
            Missions
          </a>
        </li>
        <li>
          <a
            class=""
            href="/profile"
          >
            My Profile
          </a>
        </li>
      </ul>
    </nav>
  </header>
</div>
`;
